
R version 3.2.1 (2015-06-18) -- "World-Famous Astronaut"
Copyright (C) 2015 The R Foundation for Statistical Computing
Platform: x86_64-apple-darwin13.4.0 (64-bit)

R is free software and comes with ABSOLUTELY NO WARRANTY.
You are welcome to redistribute it under certain conditions.
Type 'license()' or 'licence()' for distribution details.

  Natural language support but running in an English locale

R is a collaborative project with many contributors.
Type 'contributors()' for more information and
'citation()' on how to cite R or R packages in publications.

Type 'demo()' for some demos, 'help()' for on-line help, or
'help.start()' for an HTML browser interface to help.
Type 'q()' to quit R.

> setwd(normalizePath(dirname(R.utils::commandArgs(asValues=TRUE)$"f")))
> source('../h2o-runit-hadoop.R')
> 
> ipPort <- get_args(commandArgs(trailingOnly = TRUE))
> myIP   <- ipPort[[1]]
> myPort <- ipPort[[2]]
> hdfs_name_node <- Sys.getenv(c("NAME_NODE"))
> print(hdfs_name_node)
[1] ""
> 
> library(RCurl)
Loading required package: bitops
> library(h2o)
Loading required package: statmod

----------------------------------------------------------------------

Your next step is to start H2O:
    > h2o.init()

For H2O package documentation, ask for help:
    > ??h2o

After starting H2O, you can use the Web UI at http://localhost:54321
For more information visit http://docs.h2o.ai

----------------------------------------------------------------------


Attaching package: ‘h2o’

The following objects are masked from ‘package:stats’:

    sd, var

The following objects are masked from ‘package:base’:

    %*%, %in%, apply, as.factor, as.numeric, colnames, colnames<-,
    ifelse, is.factor, is.numeric, log, range, trunc

> 
> heading("BEGIN TEST")

BEGIN TEST

> h2o.init(ip=myIP, port=myPort, startH2O = FALSE)
Successfully connected to http://127.0.0.1:40000/ 

R is connected to the H2O cluster: 
    H2O cluster uptime:         18 seconds 243 milliseconds 
    H2O cluster version:        3.3.0.99999 
    H2O cluster name:           H2O_runit_ece_6318649 
    H2O cluster total nodes:    1 
    H2O cluster total memory:   0.89 GB 
    H2O cluster total cores:    8 
    H2O cluster allowed cores:  8 
    H2O cluster healthy:        TRUE 

IP Address: 127.0.0.1 
Port      : 40000 
Session ID: _sid_b39af3abee0786495621ffd786a44c73 
Key Count : 0 
> h2o.removeAll()
[1] 0
> 
> fr <- h2o.importFile(locate("bigdata/laptop/jira/z_repro.csv.gz"))
Error in h2o.importFolder(path, pattern = "", destination_frame = destination_frame,  : 
  could not find function "locate"
Calls: h2o.importFile -> h2o.importFolder
Execution halted
